*** EVALUATION ***
PROGRAM "udsdemo_v0.01.abs"

*********************************************************************************************
TARGET SECTION
---------------------------------------------------------------------------------------------
Processor   : Freescale HC08
Memory Model: SMALL
File Format : ELF\DWARF 2.0
Linker      : SmartLinker V-5.0.51 Build 14019, Jan 20 2014

*********************************************************************************************
FILE SECTION
---------------------------------------------------------------------------------------------
CAN_c.obj                               Model: SMALL,         Lang: ANSI-C
MCUInit_c.obj                           Model: SMALL,         Lang: ANSI-C
SCI_c.obj                               Model: SMALL,         Lang: ANSI-C
isr_c.obj                               Model: SMALL,         Lang: ANSI-C
main_c.obj                              Model: SMALL,         Lang: ANSI-C
network_layer_c.obj                     Model: SMALL,         Lang: ANSI-C
obd_dtc_c.obj                           Model: SMALL,         Lang: ANSI-C
uds_service_c.obj                       Model: SMALL,         Lang: ANSI-C
uds_status_c.obj                        Model: SMALL,         Lang: ANSI-C
uds_support_c.obj                       Model: SMALL,         Lang: ANSI-C
uds_util_c.obj                          Model: SMALL,         Lang: ANSI-C
start08_c.obj                           Model: SMALL,         Lang: ANSI-C
mc9s08dz60_c.obj                        Model: SMALL,         Lang: ANSI-C
rtshc08.o (ansiis.lib)                  Model: SMALL,         Lang: ANSI-C
stdlib.o (ansiis.lib)                   Model: SMALL,         Lang: ANSI-C

*********************************************************************************************
STARTUP SECTION
---------------------------------------------------------------------------------------------
Entry point: 0x197B (_Startup)
_startupData is allocated at 0x1984 and uses 6 Bytes
extern struct _tagStartup {
  unsigned nofZeroOut     1
  _Range   pZeroOut       0x100     1486
  _Copy    *toCopyDownBeg 0x3C8B
} _startupData;

*********************************************************************************************
SECTION-ALLOCATION SECTION
Section Name                    Size  Type     From       To       Segment
---------------------------------------------------------------------------------------------
.data                            215   R/W      0x100      0x1D6   RAM
.init                            132     R     0x1900     0x1983   ROM
.startData                        14     R     0x1984     0x1991   ROM
.rodata                          229     R     0x1992     0x1A76   ROM
.text                           8724     R     0x1A77     0x3C8A   ROM
.copy                            220     R     0x3C8B     0x3D66   ROM
.abs_section_ffc0                 62     R     0xFFC0     0xFFFD   .absSeg0
.abs_section_0                     1   N/I        0x0        0x0   .absSeg1
.abs_section_1                     1   N/I        0x1        0x1   .absSeg2
.abs_section_2                     1   N/I        0x2        0x2   .absSeg3
.abs_section_3                     1   N/I        0x3        0x3   .absSeg4
.abs_section_4                     1   N/I        0x4        0x4   .absSeg5
.abs_section_5                     1   N/I        0x5        0x5   .absSeg6
.abs_section_6                     1   N/I        0x6        0x6   .absSeg7
.abs_section_7                     1   N/I        0x7        0x7   .absSeg8
.abs_section_8                     1   N/I        0x8        0x8   .absSeg9
.abs_section_9                     1   N/I        0x9        0x9   .absSeg10
.abs_section_a                     1   N/I        0xA        0xA   .absSeg11
.abs_section_b                     1   N/I        0xB        0xB   .absSeg12
.abs_section_c                     1   N/I        0xC        0xC   .absSeg13
.abs_section_d                     1   N/I        0xD        0xD   .absSeg14
.abs_section_e                     1   N/I        0xE        0xE   .absSeg15
.abs_section_f                     1   N/I        0xF        0xF   .absSeg16
.abs_section_10                    1   N/I       0x10       0x10   .absSeg17
.abs_section_11                    1   N/I       0x11       0x11   .absSeg18
.abs_section_16                    1   N/I       0x16       0x16   .absSeg19
.abs_section_17                    1   N/I       0x17       0x17   .absSeg20
.abs_section_18                    1   N/I       0x18       0x18   .absSeg21
.abs_section_19                    1   N/I       0x19       0x19   .absSeg22
.abs_section_1c                    1   N/I       0x1C       0x1C   .absSeg23
.abs_section_20                    1   N/I       0x20       0x20   .absSeg24
.abs_section_25                    1   N/I       0x25       0x25   .absSeg25
.abs_section_28                    1   N/I       0x28       0x28   .absSeg26
.abs_section_2b                    1   N/I       0x2B       0x2B   .absSeg27
.abs_section_2e                    1   N/I       0x2E       0x2E   .absSeg28
.abs_section_31                    1   N/I       0x31       0x31   .absSeg29
.abs_section_34                    1   N/I       0x34       0x34   .absSeg30
.abs_section_3a                    1   N/I       0x3A       0x3A   .absSeg31
.abs_section_3b                    1   N/I       0x3B       0x3B   .absSeg32
.abs_section_3c                    1   N/I       0x3C       0x3C   .absSeg33
.abs_section_3d                    1   N/I       0x3D       0x3D   .absSeg34
.abs_section_3e                    1   N/I       0x3E       0x3E   .absSeg35
.abs_section_3f                    1   N/I       0x3F       0x3F   .absSeg36
.abs_section_42                    1   N/I       0x42       0x42   .absSeg37
.abs_section_43                    1   N/I       0x43       0x43   .absSeg38
.abs_section_44                    1   N/I       0x44       0x44   .absSeg39
.abs_section_45                    1   N/I       0x45       0x45   .absSeg40
.abs_section_46                    1   N/I       0x46       0x46   .absSeg41
.abs_section_47                    1   N/I       0x47       0x47   .absSeg42
.abs_section_48                    1   N/I       0x48       0x48   .absSeg43
.abs_section_49                    1   N/I       0x49       0x49   .absSeg44
.abs_section_4a                    1   N/I       0x4A       0x4A   .absSeg45
.abs_section_4b                    1   N/I       0x4B       0x4B   .absSeg46
.abs_section_4c                    1   N/I       0x4C       0x4C   .absSeg47
.abs_section_50                    1   N/I       0x50       0x50   .absSeg48
.abs_section_51                    1   N/I       0x51       0x51   .absSeg49
.abs_section_52                    1   N/I       0x52       0x52   .absSeg50
.abs_section_53                    1   N/I       0x53       0x53   .absSeg51
.abs_section_55                    1   N/I       0x55       0x55   .absSeg52
.abs_section_58                    1   N/I       0x58       0x58   .absSeg53
.abs_section_59                    1   N/I       0x59       0x59   .absSeg54
.abs_section_5a                    1   N/I       0x5A       0x5A   .absSeg55
.abs_section_5b                    1   N/I       0x5B       0x5B   .absSeg56
.abs_section_5c                    1   N/I       0x5C       0x5C   .absSeg57
.abs_section_5d                    1   N/I       0x5D       0x5D   .absSeg58
.abs_section_60                    1   N/I       0x60       0x60   .absSeg59
.abs_section_65                    1   N/I       0x65       0x65   .absSeg60
.abs_section_68                    1   N/I       0x68       0x68   .absSeg61
.abs_section_6c                    1   N/I       0x6C       0x6C   .absSeg62
.abs_section_6d                    1   N/I       0x6D       0x6D   .absSeg63
.abs_section_6e                    1   N/I       0x6E       0x6E   .absSeg64
.abs_section_1800                  1   N/I     0x1800     0x1800   .absSeg65
.abs_section_1801                  1   N/I     0x1801     0x1801   .absSeg66
.abs_section_1802                  1   N/I     0x1802     0x1802   .absSeg67
.abs_section_1803                  1   N/I     0x1803     0x1803   .absSeg68
.abs_section_1809                  1   N/I     0x1809     0x1809   .absSeg69
.abs_section_180a                  1   N/I     0x180A     0x180A   .absSeg70
.abs_section_1816                  1   N/I     0x1816     0x1816   .absSeg71
.abs_section_1817                  1   N/I     0x1817     0x1817   .absSeg72
.abs_section_1818                  1   N/I     0x1818     0x1818   .absSeg73
.abs_section_1820                  1   N/I     0x1820     0x1820   .absSeg74
.abs_section_1821                  1   N/I     0x1821     0x1821   .absSeg75
.abs_section_1823                  1   N/I     0x1823     0x1823   .absSeg76
.abs_section_1824                  1   N/I     0x1824     0x1824   .absSeg77
.abs_section_1825                  1   N/I     0x1825     0x1825   .absSeg78
.abs_section_1826                  1   N/I     0x1826     0x1826   .absSeg79
.abs_section_1840                  1   N/I     0x1840     0x1840   .absSeg80
.abs_section_1841                  1   N/I     0x1841     0x1841   .absSeg81
.abs_section_1842                  1   N/I     0x1842     0x1842   .absSeg82
.abs_section_1844                  1   N/I     0x1844     0x1844   .absSeg83
.abs_section_1845                  1   N/I     0x1845     0x1845   .absSeg84
.abs_section_1846                  1   N/I     0x1846     0x1846   .absSeg85
.abs_section_1848                  1   N/I     0x1848     0x1848   .absSeg86
.abs_section_1849                  1   N/I     0x1849     0x1849   .absSeg87
.abs_section_184a                  1   N/I     0x184A     0x184A   .absSeg88
.abs_section_184c                  1   N/I     0x184C     0x184C   .absSeg89
.abs_section_184d                  1   N/I     0x184D     0x184D   .absSeg90
.abs_section_184e                  1   N/I     0x184E     0x184E   .absSeg91
.abs_section_1850                  1   N/I     0x1850     0x1850   .absSeg92
.abs_section_1851                  1   N/I     0x1851     0x1851   .absSeg93
.abs_section_1852                  1   N/I     0x1852     0x1852   .absSeg94
.abs_section_1858                  1   N/I     0x1858     0x1858   .absSeg95
.abs_section_1859                  1   N/I     0x1859     0x1859   .absSeg96
.abs_section_185a                  1   N/I     0x185A     0x185A   .absSeg97
.abs_section_185c                  1   N/I     0x185C     0x185C   .absSeg98
.abs_section_185d                  1   N/I     0x185D     0x185D   .absSeg99
.abs_section_185e                  1   N/I     0x185E     0x185E   .absSeg100
.abs_section_1860                  1   N/I     0x1860     0x1860   .absSeg101
.abs_section_1861                  1   N/I     0x1861     0x1861   .absSeg102
.abs_section_1862                  1   N/I     0x1862     0x1862   .absSeg103
.abs_section_1868                  1   N/I     0x1868     0x1868   .absSeg104
.abs_section_1869                  1   N/I     0x1869     0x1869   .absSeg105
.abs_section_186a                  1   N/I     0x186A     0x186A   .absSeg106
.abs_section_1870                  1   N/I     0x1870     0x1870   .absSeg107
.abs_section_1871                  1   N/I     0x1871     0x1871   .absSeg108
.abs_section_1872                  1   N/I     0x1872     0x1872   .absSeg109
.abs_section_1880                  1   N/I     0x1880     0x1880   .absSeg110
.abs_section_1881                  1   N/I     0x1881     0x1881   .absSeg111
.abs_section_1882                  1   N/I     0x1882     0x1882   .absSeg112
.abs_section_1883                  1   N/I     0x1883     0x1883   .absSeg113
.abs_section_1884                  1   N/I     0x1884     0x1884   .absSeg114
.abs_section_1885                  1   N/I     0x1885     0x1885   .absSeg115
.abs_section_1886                  1   N/I     0x1886     0x1886   .absSeg116
.abs_section_1887                  1   N/I     0x1887     0x1887   .absSeg117
.abs_section_1888                  1   N/I     0x1888     0x1888   .absSeg118
.abs_section_1889                  1   N/I     0x1889     0x1889   .absSeg119
.abs_section_188a                  1   N/I     0x188A     0x188A   .absSeg120
.abs_section_188b                  1   N/I     0x188B     0x188B   .absSeg121
.abs_section_188d                  1   N/I     0x188D     0x188D   .absSeg122
.abs_section_188e                  1   N/I     0x188E     0x188E   .absSeg123
.abs_section_188f                  1   N/I     0x188F     0x188F   .absSeg124
.abs_section_1890                  1   N/I     0x1890     0x1890   .absSeg125
.abs_section_1891                  1   N/I     0x1891     0x1891   .absSeg126
.abs_section_1892                  1   N/I     0x1892     0x1892   .absSeg127
.abs_section_1893                  1   N/I     0x1893     0x1893   .absSeg128
.abs_section_1894                  1   N/I     0x1894     0x1894   .absSeg129
.abs_section_1895                  1   N/I     0x1895     0x1895   .absSeg130
.abs_section_1896                  1   N/I     0x1896     0x1896   .absSeg131
.abs_section_1897                  1   N/I     0x1897     0x1897   .absSeg132
.abs_section_1898                  1   N/I     0x1898     0x1898   .absSeg133
.abs_section_1899                  1   N/I     0x1899     0x1899   .absSeg134
.abs_section_189a                  1   N/I     0x189A     0x189A   .absSeg135
.abs_section_189b                  1   N/I     0x189B     0x189B   .absSeg136
.abs_section_189c                  1   N/I     0x189C     0x189C   .absSeg137
.abs_section_189d                  1   N/I     0x189D     0x189D   .absSeg138
.abs_section_189e                  1   N/I     0x189E     0x189E   .absSeg139
.abs_section_189f                  1   N/I     0x189F     0x189F   .absSeg140
.abs_section_18a4                  1   N/I     0x18A4     0x18A4   .absSeg141
.abs_section_18a5                  1   N/I     0x18A5     0x18A5   .absSeg142
.abs_section_18a6                  1   N/I     0x18A6     0x18A6   .absSeg143
.abs_section_18a7                  1   N/I     0x18A7     0x18A7   .absSeg144
.abs_section_18a8                  1   N/I     0x18A8     0x18A8   .absSeg145
.abs_section_18a9                  1   N/I     0x18A9     0x18A9   .absSeg146
.abs_section_18aa                  1   N/I     0x18AA     0x18AA   .absSeg147
.abs_section_18ab                  1   N/I     0x18AB     0x18AB   .absSeg148
.abs_section_18ac                  1   N/I     0x18AC     0x18AC   .absSeg149
.abs_section_18b4                  1   N/I     0x18B4     0x18B4   .absSeg150
.abs_section_18b5                  1   N/I     0x18B5     0x18B5   .absSeg151
.abs_section_18b6                  1   N/I     0x18B6     0x18B6   .absSeg152
.abs_section_18b7                  1   N/I     0x18B7     0x18B7   .absSeg153
.abs_section_18b8                  1   N/I     0x18B8     0x18B8   .absSeg154
.abs_section_18b9                  1   N/I     0x18B9     0x18B9   .absSeg155
.abs_section_18ba                  1   N/I     0x18BA     0x18BA   .absSeg156
.abs_section_18bb                  1   N/I     0x18BB     0x18BB   .absSeg157
.abs_section_18bc                  1   N/I     0x18BC     0x18BC   .absSeg158
.abs_section_18bd                  1   N/I     0x18BD     0x18BD   .absSeg159
.abs_section_12                    2   N/I       0x12       0x13   .absSeg160
.abs_section_14                    2   N/I       0x14       0x15   .absSeg161
.abs_section_21                    2   N/I       0x21       0x22   .absSeg162
.abs_section_23                    2   N/I       0x23       0x24   .absSeg163
.abs_section_26                    2   N/I       0x26       0x27   .absSeg164
.abs_section_29                    2   N/I       0x29       0x2A   .absSeg165
.abs_section_2c                    2   N/I       0x2C       0x2D   .absSeg166
.abs_section_2f                    2   N/I       0x2F       0x30   .absSeg167
.abs_section_32                    2   N/I       0x32       0x33   .absSeg168
.abs_section_35                    2   N/I       0x35       0x36   .absSeg169
.abs_section_38                    2   N/I       0x38       0x39   .absSeg170
.abs_section_40                    2   N/I       0x40       0x41   .absSeg171
.abs_section_61                    2   N/I       0x61       0x62   .absSeg172
.abs_section_63                    2   N/I       0x63       0x64   .absSeg173
.abs_section_66                    2   N/I       0x66       0x67   .absSeg174
.abs_section_69                    2   N/I       0x69       0x6A   .absSeg175
.abs_section_1806                  2   N/I     0x1806     0x1807   .absSeg176
.abs_section_1810                  2   N/I     0x1810     0x1811   .absSeg177
.abs_section_1812                  2   N/I     0x1812     0x1813   .absSeg178
.abs_section_1814                  2   N/I     0x1814     0x1815   .absSeg179
.abs_section_18ae                  2   N/I     0x18AE     0x18AF   .absSeg180
.abs_section_18be                  2   N/I     0x18BE     0x18BF   .absSeg181
.abs_section_18a0                  4   N/I     0x18A0     0x18A3   .absSeg182
.abs_section_18b0                  4   N/I     0x18B0     0x18B3   .absSeg183
.bss                            1222   R/W      0x1D7      0x69C   RAM
.common                           49   R/W      0x69D      0x6CD   RAM
.stack                           128   R/W      0x6CE      0x74D   RAM
.vectSeg184_vect                   2     R     0xFFFE     0xFFFF   .vectSeg184

Summary of section sizes per section type:
READ_ONLY (R):        24A7 (dec:     9383)
READ_WRITE (R/W):      64E (dec:     1614)
NO_INIT (N/I):          D3 (dec:      211)

*********************************************************************************************
VECTOR-ALLOCATION SECTION
    Address     InitValue   InitFunction
---------------------------------------------------------------------------------------------
     0xFFFE        0x197B   _Startup

*********************************************************************************************
OBJECT-ALLOCATION SECTION
     Name               Module                 Addr   hSize   dSize     Ref    Section   RLIB
---------------------------------------------------------------------------------------------
MODULE:                 -- CAN_c.obj --
- PROCEDURES:
     CANInit                                   1A77      66     102       1   .text       
     CANSendMsg                                1ADD      8E     142       1   .text       
     CANGetMsg                                 1B6B     144     324       3   .text       
     ZTai_UDS_Send                             1CAF      43      67       4   .text       
- VARIABLES:
MODULE:                 -- MCUInit_c.obj --
- PROCEDURES:
     MCUInit                                   1CF2      36      54       1   .text       
     TIMER1_init                               1D28       A      10       1   .text       
- VARIABLES:
MODULE:                 -- SCI_c.obj --
- PROCEDURES:
     SCISend1                                  1D32      31      49       1   .text       
     SCISendN                                  1D63      2C      44       2   .text       
     SCIRe1                                    1D8F      62      98       1   .text       
     SCIReN                                    1DF1      38      56       2   .text       
- VARIABLES:
MODULE:                 -- isr_c.obj --
- PROCEDURES:
     SCI1_Recv                                 1E29      20      32       1   .text       
     SCI2_Recv                                 1E49      23      35       1   .text       
     isrCAN_Recv                               1E6C      28      40       1   .text       
     isrDummy                                  1E94       1       1      27   .text       
     Timer1_overflow                           1E95       8       8       1   .text       
- VARIABLES:
     ISR_vectors                               FFC0      3E      62       0   .abs_section_ffc0
MODULE:                 -- main_c.obj --
- PROCEDURES:
     main                                      1E9D      30      48       1   .text       
- VARIABLES:
     g_msgGet                                   69D      10      16       5   .common     
     g_msgSend                                  6AD      10      16       3   .common     
MODULE:                 -- network_layer_c.obj --
- PROCEDURES:
     nt_timer_start                            1ECD      33      51       5   .text       
     nt_timer_start_wv                         1F00      38      56       1   .text       
     nt_timer_stop                             1F38      16      22       1   .text       
     nt_timer_run                              1F4E      7E     126       1   .text       
     nt_timer_chk                              1FCC      47      71       2   .text       
     clear_network                             2013      23      35       6   .text       
     recv_singleframe                          2036      69     105       1   .text       
     recv_firstframe                           209F      91     145       1   .text       
     recv_consecutiveframe                     2130      B9     185       1   .text       
     recv_flowcontrolframe                     21E9      88     136       1   .text       
     send_flowcontrol                          2271      2B      43       2   .text       
     send_singleframe                          229C      6B     107       1   .text       
     send_firstframe                           2307      7E     126       1   .text       
     send_consecutiveframe                     2385      93     147       1   .text       
     send_multipleframe                        2418      69     105       1   .text       
     network_main                              2481      A5     165       2   .text       
     network_recv_frame                        2526      DB     219       3   .text       
     network_send_udsmsg                       2601      3B      59       2   .text       
     network_reg_usdata                        263C      28      40       1   .text       
- VARIABLES:
     nwl_st                                     1D7       2       2       5   .bss        
     g_wait_cf                                  1D9       1       1       5   .bss        
     g_wait_fc                                  1DA       1       1       6   .bss        
     nt_timer                                   1DB       C      12      42   .bss        
     g_rfc_stmin                                1E7       1       1       2   .bss        
     g_rfc_bs                                   1E8       1       1       2   .bss        
     g_xcf_bc                                   1E9       1       1       4   .bss        
     g_xcf_sn                                   1EA       1       1       6   .bss        
     g_rcf_bc                                   1EB       1       1       2   .bss        
     g_rcf_sn                                   1EC       1       1       6   .bss        
     remain_len                                 1ED       2       2       4   .bss        
     remain_pos                                 1EF       2       2       4   .bss        
     recv_len                                   1F1       2       2      10   .bss        
     recv_fdl                                   1F3       2       2       5   .bss        
     N_USData                                   1F5       6       6      13   .bss        
     remain_buf                                 1FB     1FF     511       3   .bss        
     recv_buf                                   3FA     1FF     511       9   .bss        
     g_tatype                                   6BD       1       1       4   .common     
MODULE:                 -- obd_dtc_c.obj --
- PROCEDURES:
     obd_dtc_ctrl                              2664       4       4       1   .text       
     obd_dtc_clear                             2668      27      39       1   .text       
     get_dtc_number_by_status_mask             268F      36      54       1   .text       
     get_dtc_by_status_mask                    26C5     110     272       5   .text       
     get_supported_dtc                         27D5      FC     252       4   .text       
     clear_dtc_by_group                        28D1      54      84       1   .text       
- VARIABLES:
     obd_dtc_para                               100      74     116      12   .data       
     obd_dtc_data                               5F9      91     145       9   .bss        
     dtc_off                                    68A       1       1       1   .bss        
MODULE:                 -- uds_service_c.obj --
- PROCEDURES:
     uds_timer_start                           2925      23      35       6   .text       
     uds_timer_stop                            2948      16      22       2   .text       
     uds_timer_run                             295E      7E     126       2   .text       
     uds_timer_chk                             29DC      1F      31       1   .text       
     uds_no_response                           29FB       1       1       1   .text       
     uds_negative_rsp                          29FC      4A      74      14   .text       
     uds_positive_rsp                          2A46      1D      29      13   .text       
     eeprom_write                              2A63       3       3       1   .text       
     uds_check_len                             2A66      E8     232       3   .text       
     uds_service_10                            2B4E      69     105       1   .text       
     uds_service_11                            2BB7      29      41       1   .text       
     uds_service_27                            2BE0      EB     235       2   .text       
     uds_service_28                            2CCB      5F      95       1   .text       
     uds_service_3E                            2D2A      3C      60       1   .text       
     uds_service_85                            2D66      37      55       1   .text       
     uds_service_22                            2D9D     147     327       5   .text       
     uds_service_2E                            2EE4      D8     216       2   .text       
     uds_service_14                            2FBC      9A     154       1   .text       
     uds_service_19                            3056      D0     208       3   .text       
     uds_service_2F                            3126     113     275       5   .text       
     uds_service_31                            3239     107     263       4   .text       
     uds_dataff_indication                     3340       5       5       1   .text       
     uds_data_indication                       3345      EA     234       3   .text       
     uds_data_confirm                          342F       5       5       1   .text       
     uds_get_frame                             3434       E      14       1   .text       
     uds_main                                  3442      28      40       1   .text       
     uds_init                                  346A      2E      46       1   .text       
- VARIABLES:
     uds_service_list                          1992      78     120       7   .rodata     
     uds_session                                68B       1       1       5   .bss        
     req_seed                                   68C       1       1       3   .bss        
     curr_sa                                    68D       2       2       5   .bss        
     uds_timer                                  68F       8       8      26   .bss        
     uds_fsa_cnt                                697       1       1       3   .bss        
     org_seed_buf                               698       4       4       3   .bss        
     ssp_flg                                    69C       1       1       2   .bss        
     dis_normal_xmit                            6BE       1       1       1   .common     
     dis_normal_recv                            6BF       1       1       1   .common     
MODULE:                 -- uds_status_c.obj --
- PROCEDURES:
     seedTOKey                                 3498      6D     109       1   .text       
     uds_security_access                       3505      48      72       1   .text       
- VARIABLES:
MODULE:                 -- uds_support_c.obj --
- PROCEDURES:
     rtctrl_nothing                            354D       2       2       3   .text       
     ioctrl_init_backlight                     354F       1       1       1   .text       
     ioctrl_stop_backlight                     3550       1       1       1   .text       
     ioctrl_init_buzzer                        3551       1       1       1   .text       
     ioctrl_stop_buzzer                        3552       1       1       1   .text       
     ioctrl_init_gages                         3553       1       1       1   .text       
     ioctrl_stop_gages                         3554       1       1       1   .text       
     ioctrl_init_display                       3555       1       1       1   .text       
     ioctrl_stop_display                       3556       1       1       1   .text       
     ioctrl_init_indicator                     3557       1       1       1   .text       
     ioctrl_stop_indicator                     3558       1       1       1   .text       
     uds_ioctrl_allstop                        3559      3D      61       1   .text       
     uds_load_rwdata                           3596       1       1       1   .text       
- VARIABLES:
     rwdata_list                               1A0A      63      99       9   .rodata     
     rtctrl_list                               1A6D       A      10       7   .rodata     
     ASC_boot_ver                               174       A      10       1   .data       
     ASC_sys_supplier_id                        17E       5       5       1   .data       
     ASC_soft_ver                               183       A      10       1   .data       
     ASC_sys_name                               18D       A      10       1   .data       
     ioctrl_list                                197      3C      60      12   .data       
     backlight_level                            6C0       2       2       1   .common     
     buzzer                                     6C2       2       2       1   .common     
     gages                                      6C4       2       2       1   .common     
     segment_disp                               6C6       2       2       1   .common     
     indicator                                  6C8       6       6       1   .common     
MODULE:                 -- uds_util_c.obj --
- PROCEDURES:
     rand_u8                                   3597      19      25       1   .text       
     host_to_cans                              35B0      1A      26       1   .text       
     can_to_hostl                              35CA      A0     160       3   .text       
     memcpy                                    366A      B0     176       3   .text       
- VARIABLES:
MODULE:                 -- start08_c.obj --
- PROCEDURES:
     loadByte                                  1900       E      14       5   .init       
     Init                                      190E      6D     109       1   .init       
     _Startup                                  197B       9       9       0   .init       
- VARIABLES:
     _startupData                              1984       6       6       4   .startData  
- LABELS:
     __SEG_END_SSTACK                           74E       0       0       1               
MODULE:                 -- mc9s08dz60_c.obj --
- PROCEDURES:
- VARIABLES:
     _PTAD                                        0       1       1       0   .abs_section_0
     _PTADD                                       1       1       1       0   .abs_section_1
     _PTBD                                        2       1       1       0   .abs_section_2
     _PTBDD                                       3       1       1       0   .abs_section_3
     _PTCD                                        4       1       1       0   .abs_section_4
     _PTCDD                                       5       1       1       0   .abs_section_5
     _PTDD                                        6       1       1       0   .abs_section_6
     _PTDDD                                       7       1       1       0   .abs_section_7
     _PTED                                        8       1       1       0   .abs_section_8
     _PTEDD                                       9       1       1       0   .abs_section_9
     _PTFD                                        A       1       1       0   .abs_section_a
     _PTFDD                                       B       1       1       0   .abs_section_b
     _PTGD                                        C       1       1       0   .abs_section_c
     _PTGDD                                       D       1       1       0   .abs_section_d
     _ACMP1SC                                     E       1       1       0   .abs_section_e
     _ACMP2SC                                     F       1       1       0   .abs_section_f
     _ADCSC1                                     10       1       1       0   .abs_section_10
     _ADCSC2                                     11       1       1       0   .abs_section_11
     _ADCCFG                                     16       1       1       0   .abs_section_16
     _APCTL1                                     17       1       1       0   .abs_section_17
     _APCTL2                                     18       1       1       0   .abs_section_18
     _APCTL3                                     19       1       1       0   .abs_section_19
     _IRQSC                                      1C       1       1       0   .abs_section_1c
     _TPM1SC                                     20       1       1       2   .abs_section_20
     _TPM1C0SC                                   25       1       1       0   .abs_section_25
     _TPM1C1SC                                   28       1       1       0   .abs_section_28
     _TPM1C2SC                                   2B       1       1       0   .abs_section_2b
     _TPM1C3SC                                   2E       1       1       0   .abs_section_2e
     _TPM1C4SC                                   31       1       1       0   .abs_section_31
     _TPM1C5SC                                   34       1       1       0   .abs_section_34
     _SCI1C1                                     3A       1       1       0   .abs_section_3a
     _SCI1C2                                     3B       1       1       0   .abs_section_3b
     _SCI1S1                                     3C       1       1       0   .abs_section_3c
     _SCI1S2                                     3D       1       1       0   .abs_section_3d
     _SCI1C3                                     3E       1       1       0   .abs_section_3e
     _SCI1D                                      3F       1       1       0   .abs_section_3f
     _SCI2C1                                     42       1       1       0   .abs_section_42
     _SCI2C2                                     43       1       1       0   .abs_section_43
     _SCI2S1                                     44       1       1       0   .abs_section_44
     _SCI2S2                                     45       1       1       0   .abs_section_45
     _SCI2C3                                     46       1       1       0   .abs_section_46
     _SCI2D                                      47       1       1       0   .abs_section_47
     _MCGC1                                      48       1       1       3   .abs_section_48
     _MCGC2                                      49       1       1       3   .abs_section_49
     _MCGTRM                                     4A       1       1       0   .abs_section_4a
     _MCGSC                                      4B       1       1       6   .abs_section_4b
     _MCGC3                                      4C       1       1       1   .abs_section_4c
     _SPIC1                                      50       1       1       0   .abs_section_50
     _SPIC2                                      51       1       1       0   .abs_section_51
     _SPIBR                                      52       1       1       0   .abs_section_52
     _SPIS                                       53       1       1       0   .abs_section_53
     _SPID                                       55       1       1       0   .abs_section_55
     _IICA                                       58       1       1       0   .abs_section_58
     _IICF                                       59       1       1       0   .abs_section_59
     _IICC1                                      5A       1       1       0   .abs_section_5a
     _IICS                                       5B       1       1       0   .abs_section_5b
     _IICD                                       5C       1       1       0   .abs_section_5c
     _IICC2                                      5D       1       1       0   .abs_section_5d
     _TPM2SC                                     60       1       1       0   .abs_section_60
     _TPM2C0SC                                   65       1       1       0   .abs_section_65
     _TPM2C1SC                                   68       1       1       0   .abs_section_68
     _RTCSC                                      6C       1       1       0   .abs_section_6c
     _RTCCNT                                     6D       1       1       0   .abs_section_6d
     _RTCMOD                                     6E       1       1       0   .abs_section_6e
     _SRS                                      1800       1       1       0   .abs_section_1800
     _SBDFR                                    1801       1       1       0   .abs_section_1801
     _SOPT1                                    1802       1       1       1   .abs_section_1802
     _SOPT2                                    1803       1       1       0   .abs_section_1803
     _SPMSC1                                   1809       1       1       0   .abs_section_1809
     _SPMSC2                                   180A       1       1       0   .abs_section_180a
     _DBGC                                     1816       1       1       0   .abs_section_1816
     _DBGT                                     1817       1       1       0   .abs_section_1817
     _DBGS                                     1818       1       1       0   .abs_section_1818
     _FCDIV                                    1820       1       1       0   .abs_section_1820
     _FOPT                                     1821       1       1       0   .abs_section_1821
     _FCNFG                                    1823       1       1       0   .abs_section_1823
     _FPROT                                    1824       1       1       0   .abs_section_1824
     _FSTAT                                    1825       1       1       0   .abs_section_1825
     _FCMD                                     1826       1       1       0   .abs_section_1826
     _PTAPE                                    1840       1       1       0   .abs_section_1840
     _PTASE                                    1841       1       1       0   .abs_section_1841
     _PTADS                                    1842       1       1       0   .abs_section_1842
     _PTASC                                    1844       1       1       0   .abs_section_1844
     _PTAPS                                    1845       1       1       0   .abs_section_1845
     _PTAES                                    1846       1       1       0   .abs_section_1846
     _PTBPE                                    1848       1       1       0   .abs_section_1848
     _PTBSE                                    1849       1       1       0   .abs_section_1849
     _PTBDS                                    184A       1       1       0   .abs_section_184a
     _PTBSC                                    184C       1       1       0   .abs_section_184c
     _PTBPS                                    184D       1       1       0   .abs_section_184d
     _PTBES                                    184E       1       1       0   .abs_section_184e
     _PTCPE                                    1850       1       1       0   .abs_section_1850
     _PTCSE                                    1851       1       1       0   .abs_section_1851
     _PTCDS                                    1852       1       1       0   .abs_section_1852
     _PTDPE                                    1858       1       1       0   .abs_section_1858
     _PTDSE                                    1859       1       1       0   .abs_section_1859
     _PTDDS                                    185A       1       1       0   .abs_section_185a
     _PTDSC                                    185C       1       1       0   .abs_section_185c
     _PTDPS                                    185D       1       1       0   .abs_section_185d
     _PTDES                                    185E       1       1       0   .abs_section_185e
     _PTEPE                                    1860       1       1       0   .abs_section_1860
     _PTESE                                    1861       1       1       0   .abs_section_1861
     _PTEDS                                    1862       1       1       0   .abs_section_1862
     _PTFPE                                    1868       1       1       0   .abs_section_1868
     _PTFSE                                    1869       1       1       0   .abs_section_1869
     _PTFDS                                    186A       1       1       0   .abs_section_186a
     _PTGPE                                    1870       1       1       0   .abs_section_1870
     _PTGSE                                    1871       1       1       0   .abs_section_1871
     _PTGDS                                    1872       1       1       0   .abs_section_1872
     _CANCTL0                                  1880       1       1       5   .abs_section_1880
     _CANCTL1                                  1881       1       1       6   .abs_section_1881
     _CANBTR0                                  1882       1       1       1   .abs_section_1882
     _CANBTR1                                  1883       1       1       1   .abs_section_1883
     _CANRFLG                                  1884       1       1       2   .abs_section_1884
     _CANRIER                                  1885       1       1       1   .abs_section_1885
     _CANTFLG                                  1886       1       1       2   .abs_section_1886
     _CANTIER                                  1887       1       1       0   .abs_section_1887
     _CANTARQ                                  1888       1       1       0   .abs_section_1888
     _CANTAAK                                  1889       1       1       0   .abs_section_1889
     _CANTBSEL                                 188A       1       1       1   .abs_section_188a
     _CANIDAC                                  188B       1       1       0   .abs_section_188b
     _CANMISC                                  188D       1       1       0   .abs_section_188d
     _CANRXERR                                 188E       1       1       0   .abs_section_188e
     _CANTXERR                                 188F       1       1       0   .abs_section_188f
     _CANIDAR0                                 1890       1       1       0   .abs_section_1890
     _CANIDAR1                                 1891       1       1       0   .abs_section_1891
     _CANIDAR2                                 1892       1       1       0   .abs_section_1892
     _CANIDAR3                                 1893       1       1       0   .abs_section_1893
     _CANIDMR0                                 1894       1       1       1   .abs_section_1894
     _CANIDMR1                                 1895       1       1       1   .abs_section_1895
     _CANIDMR2                                 1896       1       1       1   .abs_section_1896
     _CANIDMR3                                 1897       1       1       1   .abs_section_1897
     _CANIDAR4                                 1898       1       1       0   .abs_section_1898
     _CANIDAR5                                 1899       1       1       0   .abs_section_1899
     _CANIDAR6                                 189A       1       1       0   .abs_section_189a
     _CANIDAR7                                 189B       1       1       0   .abs_section_189b
     _CANIDMR4                                 189C       1       1       1   .abs_section_189c
     _CANIDMR5                                 189D       1       1       1   .abs_section_189d
     _CANIDMR6                                 189E       1       1       1   .abs_section_189e
     _CANIDMR7                                 189F       1       1       1   .abs_section_189f
     _CANRDSR0                                 18A4       1       1       1   .abs_section_18a4
     _CANRDSR1                                 18A5       1       1       0   .abs_section_18a5
     _CANRDSR2                                 18A6       1       1       0   .abs_section_18a6
     _CANRDSR3                                 18A7       1       1       0   .abs_section_18a7
     _CANRDSR4                                 18A8       1       1       0   .abs_section_18a8
     _CANRDSR5                                 18A9       1       1       0   .abs_section_18a9
     _CANRDSR6                                 18AA       1       1       0   .abs_section_18aa
     _CANRDSR7                                 18AB       1       1       0   .abs_section_18ab
     _CANRDLR                                  18AC       1       1       1   .abs_section_18ac
     _CANTDSR0                                 18B4       1       1       1   .abs_section_18b4
     _CANTDSR1                                 18B5       1       1       0   .abs_section_18b5
     _CANTDSR2                                 18B6       1       1       0   .abs_section_18b6
     _CANTDSR3                                 18B7       1       1       0   .abs_section_18b7
     _CANTDSR4                                 18B8       1       1       0   .abs_section_18b8
     _CANTDSR5                                 18B9       1       1       0   .abs_section_18b9
     _CANTDSR6                                 18BA       1       1       0   .abs_section_18ba
     _CANTDSR7                                 18BB       1       1       0   .abs_section_18bb
     _CANTDLR                                  18BC       1       1       1   .abs_section_18bc
     _CANTTBPR                                 18BD       1       1       1   .abs_section_18bd
     _ADCR                                       12       2       2       0   .abs_section_12
     _ADCCV                                      14       2       2       0   .abs_section_14
     _TPM1CNT                                    21       2       2       0   .abs_section_21
     _TPM1MOD                                    23       2       2       2   .abs_section_23
     _TPM1C0V                                    26       2       2       0   .abs_section_26
     _TPM1C1V                                    29       2       2       0   .abs_section_29
     _TPM1C2V                                    2C       2       2       0   .abs_section_2c
     _TPM1C3V                                    2F       2       2       0   .abs_section_2f
     _TPM1C4V                                    32       2       2       0   .abs_section_32
     _TPM1C5V                                    35       2       2       0   .abs_section_35
     _SCI1BD                                     38       2       2       0   .abs_section_38
     _SCI2BD                                     40       2       2       0   .abs_section_40
     _TPM2CNT                                    61       2       2       0   .abs_section_61
     _TPM2MOD                                    63       2       2       0   .abs_section_63
     _TPM2C0V                                    66       2       2       0   .abs_section_66
     _TPM2C1V                                    69       2       2       0   .abs_section_69
     _SDID                                     1806       2       2       0   .abs_section_1806
     _DBGCA                                    1810       2       2       0   .abs_section_1810
     _DBGCB                                    1812       2       2       0   .abs_section_1812
     _DBGF                                     1814       2       2       0   .abs_section_1814
     _CANRTSR                                  18AE       2       2       0   .abs_section_18ae
     _CANTTSR                                  18BE       2       2       0   .abs_section_18be
     _CANRIDR                                  18A0       4       4       9   .abs_section_18a0
     _CANTIDR                                  18B0       4       4       2   .abs_section_18b0
MODULE:                 -- rtshc08.o (ansiis.lib) --
- PROCEDURES:
     _PUSH_ARGS_L                              371A      20      32       2   .text       
     _ENTER_UNARY_L                            373A      29      41       3   .text       
     _ENTER_BINARY_L                           3763      16      22       3   .text       
     _ENTER_BINARY_L_RC                        3779      19      25       6   .text       
     _IDIVMOD                                  3792      69     105       1   .text       
     _SPLITSIGN                                37FB      1C      28       1   .text       
     _LADD_k_is_k_plus_j                       3817      1F      31       1   .text       
     _k_is_k_plus_j_l                          3836      1E      30       2   .text       
     _k_is_k_plus_j_i                          3854      12      18       3   .text       
     _LSUB_k_is_k_minus_j                      3866      1F      31       1   .text       
     _LOR_k_is_k_or_j                          3885      1F      31       1   .text       
     _LXOR_k_is_k_xor_j                        38A4      1F      31       1   .text       
     _LMUL_k_is_k_mul_j                        38C3      81     129       1   .text       
     _LDIVMOD                                  3944      A4     164       2   .text       
     _NEG_L_HX                                 39E8      13      19       3   .text       
     _ABS_L_HX                                 39FB       6       6       2   .text       
     _SPLITSIGN_L                              3A01       A      10       2   .text       
     _LMODS_k_is_k_mod_j                       3A0B      18      24       1   .text       
     _LDIVS_k_is_k_div_j                       3A23      27      39       1   .text       
     _LCMP_k_rel_j                             3A4A      1F      31       2   .text       
     _IMUL_STAR08                              3A69      27      39       1   .text       
     _IMODS_STAR08                             3A90      25      37       1   .text       
     _ILSR                                     3AB5       C      12       1   .text       
     _ILSL                                     3AC1       C      12       3   .text       
     _LDEC                                     3ACD      1C      28       2   .text       
     _LADD_RC                                  3AE9       6       6       1   .text       
     _LSUB                                     3AEF       6       6       1   .text       
     _LOR                                      3AF5       6       6       6   .text       
     _LXOR_RC                                  3AFB       6       6       1   .text       
     _LMUL_RC                                  3B01       6       6       2   .text       
     _LDIVS_RC                                 3B07       6       6       1   .text       
     _LMODS_RC                                 3B0D       6       6       1   .text       
     _LLSR                                     3B13      16      22       1   .text       
     _LLSL                                     3B29      16      22       6   .text       
     _LCMP                                     3B3F       6       6       1   .text       
     _LCMP_RC                                  3B45       6       6       3   .text       
     _COPY                                     3B4B      30      48       3   .text       
     _POP32                                    3B7B      1A      26      15   .text       
     _CALL_STAR08                              3B95      20      32      11   .text       
     _Jump_Table_Offset                        3BB5      19      25       2   .text       
     _Jump_Table_Header_Offset                 3BCE      24      36       3   .text       
     _Search_Table_8_Offset                    3BF2      25      37       1   .text       
- VARIABLES:
MODULE:                 -- stdlib.o (ansiis.lib) --
- PROCEDURES:
     rand                                      3C17      6B     107       1   .text       
     srand                                     3C82       9       9       1   .text       
- VARIABLES:
     seed                                       1D3       4       4       9   .data       

*********************************************************************************************
MODULE STATISTIC
  Name                                      Data   Code  Const
---------------------------------------------------------------------------------------------
  CAN_c.obj                                    0    635      0
  MCUInit_c.obj                                0     64      0
  SCI_c.obj                                    0    247      0
  isr_c.obj                                    0    116     62
  main_c.obj                                  32     48      0
  network_layer_c.obj                       1059   1943      0
  obd_dtc_c.obj                              262    705      0
  uds_service_c.obj                           20   2931    120
  uds_status_c.obj                             0    181      0
  uds_support_c.obj                          109     74    109
  uds_util_c.obj                               0    387      0
  start08_c.obj                                0    132      0
  mc9s08dz60_c.obj                           211      0      0
  rtshc08.o (ansiis.lib)                       0   1277      0
  stdlib.o (ansiis.lib)                        4    116      0
  other                                      128     16    220

*********************************************************************************************
SECTION USE IN OBJECT-ALLOCATION SECTION
---------------------------------------------------------------------------------------------
SECTION: ".text"
  CANInit CANSendMsg CANGetMsg ZTai_UDS_Send MCUInit TIMER1_init SCISend1 
  SCISendN SCIRe1 SCIReN SCI1_Recv SCI2_Recv isrCAN_Recv isrDummy 
  Timer1_overflow main nt_timer_start nt_timer_start_wv nt_timer_stop 
  nt_timer_run nt_timer_chk clear_network recv_singleframe recv_firstframe 
  recv_consecutiveframe recv_flowcontrolframe send_flowcontrol send_singleframe 
  send_firstframe send_consecutiveframe send_multipleframe network_main 
  network_recv_frame network_send_udsmsg network_reg_usdata obd_dtc_ctrl 
  obd_dtc_clear get_dtc_number_by_status_mask get_dtc_by_status_mask 
  get_supported_dtc clear_dtc_by_group uds_timer_start uds_timer_stop 
  uds_timer_run uds_timer_chk uds_no_response uds_negative_rsp uds_positive_rsp 
  eeprom_write uds_check_len uds_service_10 uds_service_11 uds_service_27 
  uds_service_28 uds_service_3E uds_service_85 uds_service_22 uds_service_2E 
  uds_service_14 uds_service_19 uds_service_2F uds_service_31 
  uds_dataff_indication uds_data_indication uds_data_confirm uds_get_frame 
  uds_main uds_init seedTOKey uds_security_access rtctrl_nothing 
  ioctrl_init_backlight ioctrl_stop_backlight ioctrl_init_buzzer 
  ioctrl_stop_buzzer ioctrl_init_gages ioctrl_stop_gages ioctrl_init_display 
  ioctrl_stop_display ioctrl_init_indicator ioctrl_stop_indicator 
  uds_ioctrl_allstop uds_load_rwdata rand_u8 host_to_cans can_to_hostl memcpy 
  _PUSH_ARGS_L _ENTER_UNARY_L _ENTER_BINARY_L _ENTER_BINARY_L_RC _IDIVMOD 
  _SPLITSIGN _LADD_k_is_k_plus_j _k_is_k_plus_j_l _k_is_k_plus_j_i 
  _LSUB_k_is_k_minus_j _LOR_k_is_k_or_j _LXOR_k_is_k_xor_j _LMUL_k_is_k_mul_j 
  _LDIVMOD _NEG_L_HX _ABS_L_HX _SPLITSIGN_L _LMODS_k_is_k_mod_j 
  _LDIVS_k_is_k_div_j _LCMP_k_rel_j _IMUL_STAR08 _IMODS_STAR08 _ILSR _ILSL 
  _LDEC _LADD_RC _LSUB _LOR _LXOR_RC _LMUL_RC _LDIVS_RC _LMODS_RC _LLSR _LLSL 
  _LCMP _LCMP_RC _COPY _POP32 _CALL_STAR08 _Jump_Table_Offset 
  _Jump_Table_Header_Offset _Search_Table_8_Offset rand srand 
SECTION: ".data"
  obd_dtc_para ASC_boot_ver ASC_sys_supplier_id ASC_soft_ver ASC_sys_name 
  ioctrl_list seed 
SECTION: ".bss"
  nwl_st g_wait_cf g_wait_fc nt_timer g_rfc_stmin g_rfc_bs g_xcf_bc g_xcf_sn 
  g_rcf_bc g_rcf_sn remain_len remain_pos recv_len recv_fdl N_USData remain_buf 
  recv_buf obd_dtc_data dtc_off uds_session req_seed curr_sa uds_timer 
  uds_fsa_cnt org_seed_buf ssp_flg 
SECTION: ".init"
  loadByte Init _Startup 
SECTION: ".rodata"
  uds_service_list rwdata_list rtctrl_list 
SECTION: ".abs_section_ffc0"
  ISR_vectors 
SECTION: ".common"
  g_msgGet g_msgSend g_tatype dis_normal_xmit dis_normal_recv backlight_level 
  buzzer gages segment_disp indicator 
SECTION: ".abs_section_0"
  _PTAD 
SECTION: ".abs_section_1"
  _PTADD 
SECTION: ".abs_section_2"
  _PTBD 
SECTION: ".abs_section_3"
  _PTBDD 
SECTION: ".abs_section_4"
  _PTCD 
SECTION: ".abs_section_5"
  _PTCDD 
SECTION: ".abs_section_6"
  _PTDD 
SECTION: ".abs_section_7"
  _PTDDD 
SECTION: ".abs_section_8"
  _PTED 
SECTION: ".abs_section_9"
  _PTEDD 
SECTION: ".abs_section_a"
  _PTFD 
SECTION: ".abs_section_b"
  _PTFDD 
SECTION: ".abs_section_c"
  _PTGD 
SECTION: ".abs_section_d"
  _PTGDD 
SECTION: ".abs_section_e"
  _ACMP1SC 
SECTION: ".abs_section_f"
  _ACMP2SC 
SECTION: ".abs_section_10"
  _ADCSC1 
SECTION: ".abs_section_11"
  _ADCSC2 
SECTION: ".abs_section_16"
  _ADCCFG 
SECTION: ".abs_section_17"
  _APCTL1 
SECTION: ".abs_section_18"
  _APCTL2 
SECTION: ".abs_section_19"
  _APCTL3 
SECTION: ".abs_section_1c"
  _IRQSC 
SECTION: ".abs_section_20"
  _TPM1SC 
SECTION: ".abs_section_25"
  _TPM1C0SC 
SECTION: ".abs_section_28"
  _TPM1C1SC 
SECTION: ".abs_section_2b"
  _TPM1C2SC 
SECTION: ".abs_section_2e"
  _TPM1C3SC 
SECTION: ".abs_section_31"
  _TPM1C4SC 
SECTION: ".abs_section_34"
  _TPM1C5SC 
SECTION: ".abs_section_3a"
  _SCI1C1 
SECTION: ".abs_section_3b"
  _SCI1C2 
SECTION: ".abs_section_3c"
  _SCI1S1 
SECTION: ".abs_section_3d"
  _SCI1S2 
SECTION: ".abs_section_3e"
  _SCI1C3 
SECTION: ".abs_section_3f"
  _SCI1D 
SECTION: ".abs_section_42"
  _SCI2C1 
SECTION: ".abs_section_43"
  _SCI2C2 
SECTION: ".abs_section_44"
  _SCI2S1 
SECTION: ".abs_section_45"
  _SCI2S2 
SECTION: ".abs_section_46"
  _SCI2C3 
SECTION: ".abs_section_47"
  _SCI2D 
SECTION: ".abs_section_48"
  _MCGC1 
SECTION: ".abs_section_49"
  _MCGC2 
SECTION: ".abs_section_4a"
  _MCGTRM 
SECTION: ".abs_section_4b"
  _MCGSC 
SECTION: ".abs_section_4c"
  _MCGC3 
SECTION: ".abs_section_50"
  _SPIC1 
SECTION: ".abs_section_51"
  _SPIC2 
SECTION: ".abs_section_52"
  _SPIBR 
SECTION: ".abs_section_53"
  _SPIS 
SECTION: ".abs_section_55"
  _SPID 
SECTION: ".abs_section_58"
  _IICA 
SECTION: ".abs_section_59"
  _IICF 
SECTION: ".abs_section_5a"
  _IICC1 
SECTION: ".abs_section_5b"
  _IICS 
SECTION: ".abs_section_5c"
  _IICD 
SECTION: ".abs_section_5d"
  _IICC2 
SECTION: ".abs_section_60"
  _TPM2SC 
SECTION: ".abs_section_65"
  _TPM2C0SC 
SECTION: ".abs_section_68"
  _TPM2C1SC 
SECTION: ".abs_section_6c"
  _RTCSC 
SECTION: ".abs_section_6d"
  _RTCCNT 
SECTION: ".abs_section_6e"
  _RTCMOD 
SECTION: ".abs_section_1800"
  _SRS 
SECTION: ".abs_section_1801"
  _SBDFR 
SECTION: ".abs_section_1802"
  _SOPT1 
SECTION: ".abs_section_1803"
  _SOPT2 
SECTION: ".abs_section_1809"
  _SPMSC1 
SECTION: ".abs_section_180a"
  _SPMSC2 
SECTION: ".abs_section_1816"
  _DBGC 
SECTION: ".abs_section_1817"
  _DBGT 
SECTION: ".abs_section_1818"
  _DBGS 
SECTION: ".abs_section_1820"
  _FCDIV 
SECTION: ".abs_section_1821"
  _FOPT 
SECTION: ".abs_section_1823"
  _FCNFG 
SECTION: ".abs_section_1824"
  _FPROT 
SECTION: ".abs_section_1825"
  _FSTAT 
SECTION: ".abs_section_1826"
  _FCMD 
SECTION: ".abs_section_1840"
  _PTAPE 
SECTION: ".abs_section_1841"
  _PTASE 
SECTION: ".abs_section_1842"
  _PTADS 
SECTION: ".abs_section_1844"
  _PTASC 
SECTION: ".abs_section_1845"
  _PTAPS 
SECTION: ".abs_section_1846"
  _PTAES 
SECTION: ".abs_section_1848"
  _PTBPE 
SECTION: ".abs_section_1849"
  _PTBSE 
SECTION: ".abs_section_184a"
  _PTBDS 
SECTION: ".abs_section_184c"
  _PTBSC 
SECTION: ".abs_section_184d"
  _PTBPS 
SECTION: ".abs_section_184e"
  _PTBES 
SECTION: ".abs_section_1850"
  _PTCPE 
SECTION: ".abs_section_1851"
  _PTCSE 
SECTION: ".abs_section_1852"
  _PTCDS 
SECTION: ".abs_section_1858"
  _PTDPE 
SECTION: ".abs_section_1859"
  _PTDSE 
SECTION: ".abs_section_185a"
  _PTDDS 
SECTION: ".abs_section_185c"
  _PTDSC 
SECTION: ".abs_section_185d"
  _PTDPS 
SECTION: ".abs_section_185e"
  _PTDES 
SECTION: ".abs_section_1860"
  _PTEPE 
SECTION: ".abs_section_1861"
  _PTESE 
SECTION: ".abs_section_1862"
  _PTEDS 
SECTION: ".abs_section_1868"
  _PTFPE 
SECTION: ".abs_section_1869"
  _PTFSE 
SECTION: ".abs_section_186a"
  _PTFDS 
SECTION: ".abs_section_1870"
  _PTGPE 
SECTION: ".abs_section_1871"
  _PTGSE 
SECTION: ".abs_section_1872"
  _PTGDS 
SECTION: ".abs_section_1880"
  _CANCTL0 
SECTION: ".abs_section_1881"
  _CANCTL1 
SECTION: ".abs_section_1882"
  _CANBTR0 
SECTION: ".abs_section_1883"
  _CANBTR1 
SECTION: ".abs_section_1884"
  _CANRFLG 
SECTION: ".abs_section_1885"
  _CANRIER 
SECTION: ".abs_section_1886"
  _CANTFLG 
SECTION: ".abs_section_1887"
  _CANTIER 
SECTION: ".abs_section_1888"
  _CANTARQ 
SECTION: ".abs_section_1889"
  _CANTAAK 
SECTION: ".abs_section_188a"
  _CANTBSEL 
SECTION: ".abs_section_188b"
  _CANIDAC 
SECTION: ".abs_section_188d"
  _CANMISC 
SECTION: ".abs_section_188e"
  _CANRXERR 
SECTION: ".abs_section_188f"
  _CANTXERR 
SECTION: ".abs_section_1890"
  _CANIDAR0 
SECTION: ".abs_section_1891"
  _CANIDAR1 
SECTION: ".abs_section_1892"
  _CANIDAR2 
SECTION: ".abs_section_1893"
  _CANIDAR3 
SECTION: ".abs_section_1894"
  _CANIDMR0 
SECTION: ".abs_section_1895"
  _CANIDMR1 
SECTION: ".abs_section_1896"
  _CANIDMR2 
SECTION: ".abs_section_1897"
  _CANIDMR3 
SECTION: ".abs_section_1898"
  _CANIDAR4 
SECTION: ".abs_section_1899"
  _CANIDAR5 
SECTION: ".abs_section_189a"
  _CANIDAR6 
SECTION: ".abs_section_189b"
  _CANIDAR7 
SECTION: ".abs_section_189c"
  _CANIDMR4 
SECTION: ".abs_section_189d"
  _CANIDMR5 
SECTION: ".abs_section_189e"
  _CANIDMR6 
SECTION: ".abs_section_189f"
  _CANIDMR7 
SECTION: ".abs_section_18a4"
  _CANRDSR0 
SECTION: ".abs_section_18a5"
  _CANRDSR1 
SECTION: ".abs_section_18a6"
  _CANRDSR2 
SECTION: ".abs_section_18a7"
  _CANRDSR3 
SECTION: ".abs_section_18a8"
  _CANRDSR4 
SECTION: ".abs_section_18a9"
  _CANRDSR5 
SECTION: ".abs_section_18aa"
  _CANRDSR6 
SECTION: ".abs_section_18ab"
  _CANRDSR7 
SECTION: ".abs_section_18ac"
  _CANRDLR 
SECTION: ".abs_section_18b4"
  _CANTDSR0 
SECTION: ".abs_section_18b5"
  _CANTDSR1 
SECTION: ".abs_section_18b6"
  _CANTDSR2 
SECTION: ".abs_section_18b7"
  _CANTDSR3 
SECTION: ".abs_section_18b8"
  _CANTDSR4 
SECTION: ".abs_section_18b9"
  _CANTDSR5 
SECTION: ".abs_section_18ba"
  _CANTDSR6 
SECTION: ".abs_section_18bb"
  _CANTDSR7 
SECTION: ".abs_section_18bc"
  _CANTDLR 
SECTION: ".abs_section_18bd"
  _CANTTBPR 
SECTION: ".abs_section_12"
  _ADCR 
SECTION: ".abs_section_14"
  _ADCCV 
SECTION: ".abs_section_21"
  _TPM1CNT 
SECTION: ".abs_section_23"
  _TPM1MOD 
SECTION: ".abs_section_26"
  _TPM1C0V 
SECTION: ".abs_section_29"
  _TPM1C1V 
SECTION: ".abs_section_2c"
  _TPM1C2V 
SECTION: ".abs_section_2f"
  _TPM1C3V 
SECTION: ".abs_section_32"
  _TPM1C4V 
SECTION: ".abs_section_35"
  _TPM1C5V 
SECTION: ".abs_section_38"
  _SCI1BD 
SECTION: ".abs_section_40"
  _SCI2BD 
SECTION: ".abs_section_61"
  _TPM2CNT 
SECTION: ".abs_section_63"
  _TPM2MOD 
SECTION: ".abs_section_66"
  _TPM2C0V 
SECTION: ".abs_section_69"
  _TPM2C1V 
SECTION: ".abs_section_1806"
  _SDID 
SECTION: ".abs_section_1810"
  _DBGCA 
SECTION: ".abs_section_1812"
  _DBGCB 
SECTION: ".abs_section_1814"
  _DBGF 
SECTION: ".abs_section_18ae"
  _CANRTSR 
SECTION: ".abs_section_18be"
  _CANTTSR 
SECTION: ".abs_section_18a0"
  _CANRIDR 
SECTION: ".abs_section_18b0"
  _CANTIDR 

*********************************************************************************************
OBJECT LIST SORTED BY ADDRESS
     Name                                      Addr   hSize   dSize     Ref    Section   RLIB
---------------------------------------------------------------------------------------------
     _PTAD                                        0       1       1       0   .abs_section_0
     _PTADD                                       1       1       1       0   .abs_section_1
     _PTBD                                        2       1       1       0   .abs_section_2
     _PTBDD                                       3       1       1       0   .abs_section_3
     _PTCD                                        4       1       1       0   .abs_section_4
     _PTCDD                                       5       1       1       0   .abs_section_5
     _PTDD                                        6       1       1       0   .abs_section_6
     _PTDDD                                       7       1       1       0   .abs_section_7
     _PTED                                        8       1       1       0   .abs_section_8
     _PTEDD                                       9       1       1       0   .abs_section_9
     _PTFD                                        A       1       1       0   .abs_section_a
     _PTFDD                                       B       1       1       0   .abs_section_b
     _PTGD                                        C       1       1       0   .abs_section_c
     _PTGDD                                       D       1       1       0   .abs_section_d
     _ACMP1SC                                     E       1       1       0   .abs_section_e
     _ACMP2SC                                     F       1       1       0   .abs_section_f
     _ADCSC1                                     10       1       1       0   .abs_section_10
     _ADCSC2                                     11       1       1       0   .abs_section_11
     _ADCR                                       12       2       2       0   .abs_section_12
     _ADCCV                                      14       2       2       0   .abs_section_14
     _ADCCFG                                     16       1       1       0   .abs_section_16
     _APCTL1                                     17       1       1       0   .abs_section_17
     _APCTL2                                     18       1       1       0   .abs_section_18
     _APCTL3                                     19       1       1       0   .abs_section_19
     _IRQSC                                      1C       1       1       0   .abs_section_1c
     _TPM1SC                                     20       1       1       2   .abs_section_20
     _TPM1CNT                                    21       2       2       0   .abs_section_21
     _TPM1MOD                                    23       2       2       2   .abs_section_23
     _TPM1C0SC                                   25       1       1       0   .abs_section_25
     _TPM1C0V                                    26       2       2       0   .abs_section_26
     _TPM1C1SC                                   28       1       1       0   .abs_section_28
     _TPM1C1V                                    29       2       2       0   .abs_section_29
     _TPM1C2SC                                   2B       1       1       0   .abs_section_2b
     _TPM1C2V                                    2C       2       2       0   .abs_section_2c
     _TPM1C3SC                                   2E       1       1       0   .abs_section_2e
     _TPM1C3V                                    2F       2       2       0   .abs_section_2f
     _TPM1C4SC                                   31       1       1       0   .abs_section_31
     _TPM1C4V                                    32       2       2       0   .abs_section_32
     _TPM1C5SC                                   34       1       1       0   .abs_section_34
     _TPM1C5V                                    35       2       2       0   .abs_section_35
     _SCI1BD                                     38       2       2       0   .abs_section_38
     _SCI1C1                                     3A       1       1       0   .abs_section_3a
     _SCI1C2                                     3B       1       1       0   .abs_section_3b
     _SCI1S1                                     3C       1       1       0   .abs_section_3c
     _SCI1S2                                     3D       1       1       0   .abs_section_3d
     _SCI1C3                                     3E       1       1       0   .abs_section_3e
     _SCI1D                                      3F       1       1       0   .abs_section_3f
     _SCI2BD                                     40       2       2       0   .abs_section_40
     _SCI2C1                                     42       1       1       0   .abs_section_42
     _SCI2C2                                     43       1       1       0   .abs_section_43
     _SCI2S1                                     44       1       1       0   .abs_section_44
     _SCI2S2                                     45       1       1       0   .abs_section_45
     _SCI2C3                                     46       1       1       0   .abs_section_46
     _SCI2D                                      47       1       1       0   .abs_section_47
     _MCGC1                                      48       1       1       3   .abs_section_48
     _MCGC2                                      49       1       1       3   .abs_section_49
     _MCGTRM                                     4A       1       1       0   .abs_section_4a
     _MCGSC                                      4B       1       1       6   .abs_section_4b
     _MCGC3                                      4C       1       1       1   .abs_section_4c
     _SPIC1                                      50       1       1       0   .abs_section_50
     _SPIC2                                      51       1       1       0   .abs_section_51
     _SPIBR                                      52       1       1       0   .abs_section_52
     _SPIS                                       53       1       1       0   .abs_section_53
     _SPID                                       55       1       1       0   .abs_section_55
     _IICA                                       58       1       1       0   .abs_section_58
     _IICF                                       59       1       1       0   .abs_section_59
     _IICC1                                      5A       1       1       0   .abs_section_5a
     _IICS                                       5B       1       1       0   .abs_section_5b
     _IICD                                       5C       1       1       0   .abs_section_5c
     _IICC2                                      5D       1       1       0   .abs_section_5d
     _TPM2SC                                     60       1       1       0   .abs_section_60
     _TPM2CNT                                    61       2       2       0   .abs_section_61
     _TPM2MOD                                    63       2       2       0   .abs_section_63
     _TPM2C0SC                                   65       1       1       0   .abs_section_65
     _TPM2C0V                                    66       2       2       0   .abs_section_66
     _TPM2C1SC                                   68       1       1       0   .abs_section_68
     _TPM2C1V                                    69       2       2       0   .abs_section_69
     _RTCSC                                      6C       1       1       0   .abs_section_6c
     _RTCCNT                                     6D       1       1       0   .abs_section_6d
     _RTCMOD                                     6E       1       1       0   .abs_section_6e
     obd_dtc_para                               100      74     116      12   .data       
     ASC_boot_ver                               174       A      10       1   .data       
     ASC_sys_supplier_id                        17E       5       5       1   .data       
     ASC_soft_ver                               183       A      10       1   .data       
     ASC_sys_name                               18D       A      10       1   .data       
     ioctrl_list                                197      3C      60      12   .data       
     seed                                       1D3       4       4       9   .data       
     nwl_st                                     1D7       2       2       5   .bss        
     g_wait_cf                                  1D9       1       1       5   .bss        
     g_wait_fc                                  1DA       1       1       6   .bss        
     nt_timer                                   1DB       C      12      42   .bss        
     g_rfc_stmin                                1E7       1       1       2   .bss        
     g_rfc_bs                                   1E8       1       1       2   .bss        
     g_xcf_bc                                   1E9       1       1       4   .bss        
     g_xcf_sn                                   1EA       1       1       6   .bss        
     g_rcf_bc                                   1EB       1       1       2   .bss        
     g_rcf_sn                                   1EC       1       1       6   .bss        
     remain_len                                 1ED       2       2       4   .bss        
     remain_pos                                 1EF       2       2       4   .bss        
     recv_len                                   1F1       2       2      10   .bss        
     recv_fdl                                   1F3       2       2       5   .bss        
     N_USData                                   1F5       6       6      13   .bss        
     remain_buf                                 1FB     1FF     511       3   .bss        
     recv_buf                                   3FA     1FF     511       9   .bss        
     obd_dtc_data                               5F9      91     145       9   .bss        
     dtc_off                                    68A       1       1       1   .bss        
     uds_session                                68B       1       1       5   .bss        
     req_seed                                   68C       1       1       3   .bss        
     curr_sa                                    68D       2       2       5   .bss        
     uds_timer                                  68F       8       8      26   .bss        
     uds_fsa_cnt                                697       1       1       3   .bss        
     org_seed_buf                               698       4       4       3   .bss        
     ssp_flg                                    69C       1       1       2   .bss        
     g_msgGet                                   69D      10      16       5   .common     
     g_msgSend                                  6AD      10      16       3   .common     
     g_tatype                                   6BD       1       1       4   .common     
     dis_normal_xmit                            6BE       1       1       1   .common     
     dis_normal_recv                            6BF       1       1       1   .common     
     backlight_level                            6C0       2       2       1   .common     
     buzzer                                     6C2       2       2       1   .common     
     gages                                      6C4       2       2       1   .common     
     segment_disp                               6C6       2       2       1   .common     
     indicator                                  6C8       6       6       1   .common     
     _SRS                                      1800       1       1       0   .abs_section_1800
     _SBDFR                                    1801       1       1       0   .abs_section_1801
     _SOPT1                                    1802       1       1       1   .abs_section_1802
     _SOPT2                                    1803       1       1       0   .abs_section_1803
     _SDID                                     1806       2       2       0   .abs_section_1806
     _SPMSC1                                   1809       1       1       0   .abs_section_1809
     _SPMSC2                                   180A       1       1       0   .abs_section_180a
     _DBGCA                                    1810       2       2       0   .abs_section_1810
     _DBGCB                                    1812       2       2       0   .abs_section_1812
     _DBGF                                     1814       2       2       0   .abs_section_1814
     _DBGC                                     1816       1       1       0   .abs_section_1816
     _DBGT                                     1817       1       1       0   .abs_section_1817
     _DBGS                                     1818       1       1       0   .abs_section_1818
     _FCDIV                                    1820       1       1       0   .abs_section_1820
     _FOPT                                     1821       1       1       0   .abs_section_1821
     _FCNFG                                    1823       1       1       0   .abs_section_1823
     _FPROT                                    1824       1       1       0   .abs_section_1824
     _FSTAT                                    1825       1       1       0   .abs_section_1825
     _FCMD                                     1826       1       1       0   .abs_section_1826
     _PTAPE                                    1840       1       1       0   .abs_section_1840
     _PTASE                                    1841       1       1       0   .abs_section_1841
     _PTADS                                    1842       1       1       0   .abs_section_1842
     _PTASC                                    1844       1       1       0   .abs_section_1844
     _PTAPS                                    1845       1       1       0   .abs_section_1845
     _PTAES                                    1846       1       1       0   .abs_section_1846
     _PTBPE                                    1848       1       1       0   .abs_section_1848
     _PTBSE                                    1849       1       1       0   .abs_section_1849
     _PTBDS                                    184A       1       1       0   .abs_section_184a
     _PTBSC                                    184C       1       1       0   .abs_section_184c
     _PTBPS                                    184D       1       1       0   .abs_section_184d
     _PTBES                                    184E       1       1       0   .abs_section_184e
     _PTCPE                                    1850       1       1       0   .abs_section_1850
     _PTCSE                                    1851       1       1       0   .abs_section_1851
     _PTCDS                                    1852       1       1       0   .abs_section_1852
     _PTDPE                                    1858       1       1       0   .abs_section_1858
     _PTDSE                                    1859       1       1       0   .abs_section_1859
     _PTDDS                                    185A       1       1       0   .abs_section_185a
[...]
get_dtc_number_by_status_mask USES obd_dtc_data 
get_dtc_by_status_mask    USES obd_dtc_data get_dtc_by_status_mask 
                                obd_dtc_para 
get_supported_dtc         USES get_supported_dtc obd_dtc_para 
clear_dtc_by_group        USES _LCMP_RC obd_dtc_para obd_dtc_clear 
uds_timer_start           USES uds_timer 
uds_timer_stop            USES uds_timer 
uds_timer_run             USES uds_timer _LDEC _POP32 
uds_timer_chk             USES uds_timer 
uds_negative_rsp          USES uds_timer_start g_tatype network_send_udsmsg 
uds_positive_rsp          USES uds_timer_start ssp_flg network_send_udsmsg 
uds_check_len             USES uds_check_len _Jump_Table_Offset 
                                _Search_Table_8_Offset 
uds_service_10            USES _Jump_Table_Header_Offset uds_timer_start 
                                uds_negative_rsp curr_sa uds_session uds_positive_rsp 
uds_service_11            USES uds_positive_rsp uds_negative_rsp 
uds_service_27            USES uds_timer_chk uds_negative_rsp req_seed 
                                uds_service_27 curr_sa rand_u8 org_seed_buf uds_positive_rsp 
                                uds_security_access uds_fsa_cnt uds_timer_start 
uds_service_28            USES dis_normal_xmit dis_normal_recv 
                                uds_positive_rsp uds_negative_rsp 
uds_service_3E            USES uds_positive_rsp uds_negative_rsp 
uds_service_85            USES uds_negative_rsp obd_dtc_ctrl uds_positive_rsp 
uds_service_22            USES uds_service_22 rwdata_list memcpy 
                                uds_positive_rsp uds_negative_rsp 
uds_service_2E            USES rwdata_list memcpy eeprom_write uds_service_2E 
                                uds_positive_rsp uds_negative_rsp 
uds_service_14            USES _LLSL _POP32 _LOR clear_dtc_by_group 
                                uds_positive_rsp uds_negative_rsp 
uds_service_19            USES uds_service_19 _Jump_Table_Offset 
                                uds_negative_rsp get_dtc_number_by_status_mask host_to_cans 
                                get_dtc_by_status_mask get_supported_dtc uds_positive_rsp 
uds_service_2F            USES uds_service_2F ioctrl_list rwdata_list memcpy 
                                uds_positive_rsp uds_negative_rsp 
uds_service_31            USES uds_service_31 rtctrl_list 
                                _Jump_Table_Header_Offset uds_positive_rsp uds_negative_rsp _IMUL_STAR08 
uds_dataff_indication     USES uds_timer_stop 
uds_data_indication       USES uds_timer_stop uds_timer_start uds_service_list 
                                uds_data_indication uds_session g_tatype uds_no_response 
                                uds_check_len curr_sa ssp_flg _CALL_STAR08 uds_negative_rsp 
uds_data_confirm          USES uds_timer_start 
uds_get_frame             USES network_recv_frame 
uds_main                  USES network_main uds_timer_run uds_session curr_sa 
                                uds_ioctrl_allstop uds_fsa_cnt 
uds_init                  USES uds_session uds_load_rwdata 
                                uds_dataff_indication uds_data_indication uds_data_confirm _COPY 
                                network_reg_usdata 
seedTOKey                 USES _LXOR_RC _POP32 _COPY 
uds_security_access       USES can_to_hostl seedTOKey _LCMP 
uds_ioctrl_allstop        USES ioctrl_list 
rand_u8                   USES srand rand _IMODS_STAR08 
can_to_hostl              USES can_to_hostl _LLSL _POP32 _LOR _COPY 
_ENTER_BINARY_L           USES _PUSH_ARGS_L 
_ENTER_BINARY_L_RC        USES _PUSH_ARGS_L 
_SPLITSIGN                USES _IDIVMOD 
_LMUL_k_is_k_mul_j        USES _k_is_k_plus_j_l _k_is_k_plus_j_i 
_ABS_L_HX                 USES _NEG_L_HX 
_SPLITSIGN_L              USES _ABS_L_HX 
_LMODS_k_is_k_mod_j       USES _SPLITSIGN_L _LDIVMOD _NEG_L_HX 
_LDIVS_k_is_k_div_j       USES _SPLITSIGN_L _LDIVMOD _NEG_L_HX 
_IMODS_STAR08             USES _SPLITSIGN 
_LDEC                     USES _ENTER_UNARY_L 
_LADD_RC                  USES _ENTER_BINARY_L_RC _LADD_k_is_k_plus_j 
_LSUB                     USES _ENTER_BINARY_L _LSUB_k_is_k_minus_j 
_LOR                      USES _ENTER_BINARY_L _LOR_k_is_k_or_j 
_LXOR_RC                  USES _ENTER_BINARY_L_RC _LXOR_k_is_k_xor_j 
_LMUL_RC                  USES _ENTER_BINARY_L_RC _LMUL_k_is_k_mul_j 
_LDIVS_RC                 USES _ENTER_BINARY_L_RC _LDIVS_k_is_k_div_j 
_LMODS_RC                 USES _ENTER_BINARY_L_RC _LMODS_k_is_k_mod_j 
_LLSR                     USES _ENTER_UNARY_L 
_LLSL                     USES _ENTER_UNARY_L 
_LCMP                     USES _ENTER_BINARY_L _LCMP_k_rel_j 
_LCMP_RC                  USES _ENTER_BINARY_L_RC _LCMP_k_rel_j 
rand                      USES seed _LDIVS_RC _POP32 _LMODS_RC _LMUL_RC _LSUB 
                                _LCMP_RC _LADD_RC 
srand                     USES seed 
ISR_vectors               USES isrDummy isrCAN_Recv SCI2_Recv SCI1_Recv 
                                Timer1_overflow 

*********************************************************************************************
DEPENDENCY TREE
*********************************************************************************************
 main and _Startup Group
 | 
 +- main                
 |  | 
 |  +- MCUInit             
 |  |    
 |  +- uds_init            
 |  |  | 
 |  |  +- uds_load_rwdata     
 |  |  |    
 |  |  +- uds_dataff_indication
 |  |  |  | 
 |  |  |  +- uds_timer_stop      
 |  |  |       
 |  |  +- uds_data_indication 
 |  |  |  | 
 |  |  |  +- uds_timer_stop       (see above)
 |  |  |  |  
 |  |  |  +- uds_timer_start     
 |  |  |  |    
 |  |  |  +- uds_service_list    
 |  |  |  |  | 
 |  |  |  |  +- uds_service_10      
 |  |  |  |  |  | 
 |  |  |  |  |  +- _Jump_Table_Header_Offset
 |  |  |  |  |  |    
 |  |  |  |  |  +- uds_timer_start      (see above)
 |  |  |  |  |  |  
 |  |  |  |  |  +- uds_negative_rsp    
 |  |  |  |  |  |  | 
 |  |  |  |  |  |  +- uds_timer_start      (see above)
 |  |  |  |  |  |  |  
 |  |  |  |  |  |  +- network_send_udsmsg 
 |  |  |  |  |  |     | 
 |  |  |  |  |  |     +- send_singleframe    
 |  |  |  |  |  |     |  | 
 |  |  |  |  |  |     |  +- ZTai_UDS_Send       
 |  |  |  |  |  |     |     | 
 |  |  |  |  |  |     |     +- CANSendMsg          
 |  |  |  |  |  |     |        | 
 |  |  |  |  |  |     |        +- _LLSR               
 |  |  |  |  |  |     |           | 
 |  |  |  |  |  |     |           +- _ENTER_UNARY_L      
 |  |  |  |  |  |     |                
 |  |  |  |  |  |     +- send_multipleframe  
 |  |  |  |  |  |        | 
 |  |  |  |  |  |        +- send_firstframe     
 |  |  |  |  |  |           | 
 |  |  |  |  |  |           +- ZTai_UDS_Send        (see above)
 |  |  |  |  |  |           |  
 |  |  |  |  |  |           +- nt_timer_start      
 |  |  |  |  |  |                
 |  |  |  |  |  +- uds_positive_rsp    
 |  |  |  |  |     | 
 |  |  |  |  |     +- uds_timer_start      (see above)
 |  |  |  |  |     |  
 |  |  |  |  |     +- network_send_udsmsg  (see above)
 |  |  |  |  |        
 |  |  |  |  +- uds_service_11      
 |  |  |  |  |  | 
 |  |  |  |  |  +- uds_positive_rsp     (see above)
 |  |  |  |  |  |  
 |  |  |  |  |  +- uds_negative_rsp     (see above)
 |  |  |  |  |     
 |  |  |  |  +- uds_service_27      
 |  |  |  |  |  | 
 |  |  |  |  |  +- uds_timer_chk       
 |  |  |  |  |  |    
 |  |  |  |  |  +- uds_negative_rsp     (see above)
 |  |  |  |  |  |  
 |  |  |  |  |  +- rand_u8             
 |  |  |  |  |  |  | 
 |  |  |  |  |  |  +- srand               
 |  |  |  |  |  |  |    
 |  |  |  |  |  |  +- rand                
 |  |  |  |  |  |  |  | 
 |  |  |  |  |  |  |  +- _LDIVS_RC           
 |  |  |  |  |  |  |  |  | 
 |  |  |  |  |  |  |  |  +- _ENTER_BINARY_L_RC  
 |  |  |  |  |  |  |  |  |  | 
 |  |  |  |  |  |  |  |  |  +- _PUSH_ARGS_L        
 |  |  |  |  |  |  |  |  |       
 |  |  |  |  |  |  |  |  +- _LDIVS_k_is_k_div_j 
 |  |  |  |  |  |  |  |     | 
 |  |  |  |  |  |  |  |     +- _SPLITSIGN_L        
 |  |  |  |  |  |  |  |     |  | 
 |  |  |  |  |  |  |  |     |  +- _ABS_L_HX           
 |  |  |  |  |  |  |  |     |     | 
 |  |  |  |  |  |  |  |     |     +- _NEG_L_HX           
 |  |  |  |  |  |  |  |     |          
 |  |  |  |  |  |  |  |     +- _LDIVMOD            
 |  |  |  |  |  |  |  |     |    
 |  |  |  |  |  |  |  |     +- _NEG_L_HX            (see above)
 |  |  |  |  |  |  |  |        
 |  |  |  |  |  |  |  +- _POP32              
 |  |  |  |  |  |  |  |    
 |  |  |  |  |  |  |  +- _LMODS_RC           
 |  |  |  |  |  |  |  |  | 
 |  |  |  |  |  |  |  |  +- _ENTER_BINARY_L_RC   (see above)
 |  |  |  |  |  |  |  |  |  
 |  |  |  |  |  |  |  |  +- _LMODS_k_is_k_mod_j 
 |  |  |  |  |  |  |  |     | 
 |  |  |  |  |  |  |  |     +- _SPLITSIGN_L         (see above)
 |  |  |  |  |  |  |  |     |  
 |  |  |  |  |  |  |  |     +- _LDIVMOD             (see above)
 |  |  |  |  |  |  |  |     |  
 |  |  |  |  |  |  |  |     +- _NEG_L_HX            (see above)
 |  |  |  |  |  |  |  |        
 |  |  |  |  |  |  |  +- _LMUL_RC            
 |  |  |  |  |  |  |  |  | 
 |  |  |  |  |  |  |  |  +- _ENTER_BINARY_L_RC   (see above)
 |  |  |  |  |  |  |  |  |  
 |  |  |  |  |  |  |  |  +- _LMUL_k_is_k_mul_j  
 |  |  |  |  |  |  |  |     | 
 |  |  |  |  |  |  |  |     +- _k_is_k_plus_j_l    
 |  |  |  |  |  |  |  |     |    
 |  |  |  |  |  |  |  |     +- _k_is_k_plus_j_i    
 |  |  |  |  |  |  |  |          
 |  |  |  |  |  |  |  +- _LSUB               
 |  |  |  |  |  |  |  |  | 
 |  |  |  |  |  |  |  |  +- _ENTER_BINARY_L     
 |  |  |  |  |  |  |  |  |  | 
 |  |  |  |  |  |  |  |  |  +- _PUSH_ARGS_L         (see above)
 |  |  |  |  |  |  |  |  |     
 |  |  |  |  |  |  |  |  +- _LSUB_k_is_k_minus_j
 |  |  |  |  |  |  |  |       
 |  |  |  |  |  |  |  +- _LCMP_RC            
 |  |  |  |  |  |  |  |  | 
 |  |  |  |  |  |  |  |  +- _ENTER_BINARY_L_RC   (see above)
 |  |  |  |  |  |  |  |  |  
 |  |  |  |  |  |  |  |  +- _LCMP_k_rel_j       
 |  |  |  |  |  |  |  |       
 |  |  |  |  |  |  |  +- _LADD_RC            
 |  |  |  |  |  |  |     | 
 |  |  |  |  |  |  |     +- _ENTER_BINARY_L_RC   (see above)
 |  |  |  |  |  |  |     |  
 |  |  |  |  |  |  |     +- _LADD_k_is_k_plus_j 
 |  |  |  |  |  |  |          
 |  |  |  |  |  |  +- _IMODS_STAR08       
 |  |  |  |  |  |     | 
 |  |  |  |  |  |     +- _SPLITSIGN          
 |  |  |  |  |  |        | 
 |  |  |  |  |  |        +- _IDIVMOD            
 |  |  |  |  |  |             
 |  |  |  |  |  +- uds_positive_rsp     (see above)
 |  |  |  |  |  |  
 |  |  |  |  |  +- uds_security_access 
 |  |  |  |  |  |  | 
 |  |  |  |  |  |  +- can_to_hostl        
 |  |  |  |  |  |  |  | 
 |  |  |  |  |  |  |  +- _LLSL               
 |  |  |  |  |  |  |  |  | 
 |  |  |  |  |  |  |  |  +- _ENTER_UNARY_L       (see above)
 |  |  |  |  |  |  |  |     
 |  |  |  |  |  |  |  +- _POP32               (see above)
 |  |  |  |  |  |  |  |  
 |  |  |  |  |  |  |  +- _LOR                
 |  |  |  |  |  |  |  |  | 
 |  |  |  |  |  |  |  |  +- _ENTER_BINARY_L      (see above)
 |  |  |  |  |  |  |  |  |  
 |  |  |  |  |  |  |  |  +- _LOR_k_is_k_or_j    
 |  |  |  |  |  |  |  |       
 |  |  |  |  |  |  |  +- _COPY               
 |  |  |  |  |  |  |       
 |  |  |  |  |  |  +- seedTOKey           
 |  |  |  |  |  |  |  | 
 |  |  |  |  |  |  |  +- _LXOR_RC            
 |  |  |  |  |  |  |  |  | 
 |  |  |  |  |  |  |  |  +- _ENTER_BINARY_L_RC   (see above)
 |  |  |  |  |  |  |  |  |  
 |  |  |  |  |  |  |  |  +- _LXOR_k_is_k_xor_j  
 |  |  |  |  |  |  |  |       
 |  |  |  |  |  |  |  +- _POP32               (see above)
 |  |  |  |  |  |  |  |  
 |  |  |  |  |  |  |  +- _COPY                (see above)
 |  |  |  |  |  |  |     
 |  |  |  |  |  |  +- _LCMP               
 |  |  |  |  |  |     | 
 |  |  |  |  |  |     +- _ENTER_BINARY_L      (see above)
 |  |  |  |  |  |     |  
 |  |  |  |  |  |     +- _LCMP_k_rel_j        (see above)
 |  |  |  |  |  |        
 |  |  |  |  |  +- uds_timer_start      (see above)
 |  |  |  |  |     
 |  |  |  |  +- uds_service_28      
 |  |  |  |  |  | 
 |  |  |  |  |  +- uds_positive_rsp     (see above)
 |  |  |  |  |  |  
 |  |  |  |  |  +- uds_negative_rsp     (see above)
 |  |  |  |  |     
 |  |  |  |  +- uds_service_3E      
 |  |  |  |  |  | 
 |  |  |  |  |  +- uds_positive_rsp     (see above)
 |  |  |  |  |  |  
 |  |  |  |  |  +- uds_negative_rsp     (see above)
 |  |  |  |  |     
 |  |  |  |  +- uds_service_85      
 |  |  |  |  |  | 
 |  |  |  |  |  +- uds_negative_rsp     (see above)
 |  |  |  |  |  |  
 |  |  |  |  |  +- obd_dtc_ctrl        
 |  |  |  |  |  |    
 |  |  |  |  |  +- uds_positive_rsp     (see above)
 |  |  |  |  |     
 |  |  |  |  +- uds_service_22      
 |  |  |  |  |  | 
 |  |  |  |  |  +- memcpy              
 |  |  |  |  |  |    
 |  |  |  |  |  +- uds_positive_rsp     (see above)
 |  |  |  |  |  |  
 |  |  |  |  |  +- uds_negative_rsp     (see above)
 |  |  |  |  |     
 |  |  |  |  +- uds_service_2E      
 |  |  |  |  |  | 
 |  |  |  |  |  +- memcpy               (see above)
 |  |  |  |  |  |  
 |  |  |  |  |  +- eeprom_write        
 |  |  |  |  |  |    
 |  |  |  |  |  +- uds_positive_rsp     (see above)
 |  |  |  |  |  |  
 |  |  |  |  |  +- uds_negative_rsp     (see above)
 |  |  |  |  |     
 |  |  |  |  +- uds_service_14      
 |  |  |  |  |  | 
 |  |  |  |  |  +- _LLSL                (see above)
 |  |  |  |  |  |  
 |  |  |  |  |  +- _POP32               (see above)
 |  |  |  |  |  |  
 |  |  |  |  |  +- _LOR                 (see above)
 |  |  |  |  |  |  
 |  |  |  |  |  +- clear_dtc_by_group  
 |  |  |  |  |  |  | 
 |  |  |  |  |  |  +- _LCMP_RC             (see above)
 |  |  |  |  |  |  |  
 |  |  |  |  |  |  +- obd_dtc_clear       
 |  |  |  |  |  |       
 |  |  |  |  |  +- uds_positive_rsp     (see above)
 |  |  |  |  |  |  
 |  |  |  |  |  +- uds_negative_rsp     (see above)
 |  |  |  |  |     
 |  |  |  |  +- uds_service_19      
 |  |  |  |  |  | 
 |  |  |  |  |  +- _Jump_Table_Offset  
 |  |  |  |  |  |    
 |  |  |  |  |  +- uds_negative_rsp     (see above)
 |  |  |  |  |  |  
 |  |  |  |  |  +- get_dtc_number_by_status_mask
 |  |  |  |  |  |    
 |  |  |  |  |  +- host_to_cans        
 |  |  |  |  |  |    
 |  |  |  |  |  +- get_dtc_by_status_mask
 |  |  |  |  |  |    
 |  |  |  |  |  +- get_supported_dtc   
 |  |  |  |  |  |    
 |  |  |  |  |  +- uds_positive_rsp     (see above)
 |  |  |  |  |     
 |  |  |  |  +- uds_service_2F      
 |  |  |  |  |  | 
 |  |  |  |  |  +- ioctrl_list         
 |  |  |  |  |  |  | 
 |  |  |  |  |  |  +- ioctrl_init_backlight
 |  |  |  |  |  |  |    
 |  |  |  |  |  |  +- ioctrl_stop_backlight
 |  |  |  |  |  |  |    
 |  |  |  |  |  |  +- ioctrl_init_buzzer  
 |  |  |  |  |  |  |    
 |  |  |  |  |  |  +- ioctrl_stop_buzzer  
 |  |  |  |  |  |  |    
 |  |  |  |  |  |  +- ioctrl_init_gages   
 |  |  |  |  |  |  |    
 |  |  |  |  |  |  +- ioctrl_stop_gages   
 |  |  |  |  |  |  |    
 |  |  |  |  |  |  +- ioctrl_init_display 
 |  |  |  |  |  |  |    
 |  |  |  |  |  |  +- ioctrl_stop_display 
 |  |  |  |  |  |  |    
 |  |  |  |  |  |  +- ioctrl_init_indicator
 |  |  |  |  |  |  |    
 |  |  |  |  |  |  +- ioctrl_stop_indicator
 |  |  |  |  |  |       
 |  |  |  |  |  +- memcpy               (see above)
 |  |  |  |  |  |  
 |  |  |  |  |  +- uds_positive_rsp     (see above)
 |  |  |  |  |  |  
 |  |  |  |  |  +- uds_negative_rsp     (see above)
 |  |  |  |  |     
 |  |  |  |  +- uds_service_31      
 |  |  |  |     | 
 |  |  |  |     +- rtctrl_list         
 |  |  |  |     |  | 
 |  |  |  |     |  +- rtctrl_nothing      
 |  |  |  |     |       
 |  |  |  |     +- _Jump_Table_Header_Offset (see above)
 |  |  |  |     |  
 |  |  |  |     +- uds_positive_rsp     (see above)
 |  |  |  |     |  
 |  |  |  |     +- uds_negative_rsp     (see above)
 |  |  |  |     |  
 |  |  |  |     +- _IMUL_STAR08        
 |  |  |  |          
 |  |  |  +- uds_no_response     
 |  |  |  |    
 |  |  |  +- uds_check_len       
 |  |  |  |  | 
 |  |  |  |  +- _Jump_Table_Offset   (see above)
 |  |  |  |  |  
 |  |  |  |  +- _Search_Table_8_Offset
 |  |  |  |       
 |  |  |  +- _CALL_STAR08        
 |  |  |  |    
 |  |  |  +- uds_negative_rsp     (see above)
 |  |  |     
 |  |  +- uds_data_confirm    
 |  |  |  | 
 |  |  |  +- uds_timer_start      (see above)
 |  |  |     
 |  |  +- _COPY                (see above)
 |  |  |  
 |  |  +- network_reg_usdata  
 |  |       
 |  +- CANInit             
 |  |    
 |  +- TIMER1_init         
 |       
 +- _Startup            
    | 
    +- Init                
    |  | 
    |  +- loadByte            
    |       
    +- main                 (see above)
       
 ISR_vectors         
 | 
 +- isrDummy            
 |    
 +- isrCAN_Recv         
 |  | 
 |  +- CANGetMsg           
 |  |  | 
 |  |  +- _ILSL               
 |  |  |    
 |  |  +- _ILSR               
 |  |  |    
 |  |  +- _LLSL                (see above)
 |  |  |  
 |  |  +- _LOR                 (see above)
 |  |  |  
 |  |  +- _POP32               (see above)
 |  |     
 |  +- uds_get_frame       
 |     | 
 |     +- network_recv_frame  
 |        | 
 |        +- _Jump_Table_Header_Offset (see above)
 |        |  
 |        +- clear_network       
 |        |  | 
 |        |  +- nt_timer_stop       
 |        |       
 |        +- _CALL_STAR08         (see above)
 |        |  
 |        +- recv_singleframe    
 |        |  | 
 |        |  +- _CALL_STAR08         (see above)
 |        |     
 |        +- recv_firstframe     
 |        |  | 
 |        |  +- send_flowcontrol    
 |        |  |  | 
 |        |  |  +- ZTai_UDS_Send        (see above)
 |        |  |     
 |        |  +- nt_timer_start       (see above)
 |        |  |  
 |        |  +- _CALL_STAR08         (see above)
 |        |     
 |        +- recv_consecutiveframe
 |        |  | 
 |        |  +- nt_timer_chk        
 |        |  |    
 |        |  +- _CALL_STAR08         (see above)
 |        |  |  
 |        |  +- nt_timer_start       (see above)
 |        |     
 |        +- recv_flowcontrolframe
 |           | 
 |           +- nt_timer_chk         (see above)
 |           |  
 |           +- _CALL_STAR08         (see above)
 |           |  
 |           +- nt_timer_start       (see above)
 |           |  
 |           +- nt_timer_start_wv   
 |                
 +- SCI2_Recv           
 |  | 
 |  +- SCIReN              
 |  |  | 
 |  |  +- SCIRe1              
 |  |       
 |  +- SCISendN            
 |     | 
 |     +- SCISend1            
 |          
 +- SCI1_Recv           
 |  | 
 |  +- SCIReN               (see above)
 |  |  
 |  +- SCISendN             (see above)
 |     
 +- Timer1_overflow     
    | 
    +- uds_main            
       | 
       +- network_main        
       |  | 
       |  +- clear_network        (see above)
       |  |  
       |  +- _CALL_STAR08         (see above)
       |  |  
       |  +- send_consecutiveframe
       |  |  | 
       |  |  +- ZTai_UDS_Send        (see above)
       |  |     
       |  +- nt_timer_start       (see above)
       |  |  
       |  +- nt_timer_run        
       |     | 
       |     +- _LDEC               
       |     |  | 
       |     |  +- _ENTER_UNARY_L       (see above)
       |     |     
       |     +- _POP32               (see above)
       |        
       +- uds_timer_run       
       |  | 
       |  +- _LDEC                (see above)
       |  |  
       |  +- _POP32               (see above)
       |     
       +- uds_ioctrl_allstop  
          | 
          +- ioctrl_list          (see above)
             
*********************************************************************************************
STATISTIC SECTION
---------------------------------------------------------------------------------------------

ExeFile:
--------
Number of blocks to be downloaded: 5
Total size of all blocks to be downloaded: 9383

